------------------------------------------------------------
Timing Analyzer Summary
------------------------------------------------------------

Type  : Slow 1100mV 85C Model Setup 'btn_select'
Slack : -4.766
TNS   : -286.772

Type  : Slow 1100mV 85C Model Setup 'btn_right'
Slack : -3.069
TNS   : -95.240

Type  : Slow 1100mV 85C Model Setup 'btn_down'
Slack : -2.814
TNS   : -86.434

Type  : Slow 1100mV 85C Model Setup 'ClockDivider:divider|vgaclk'
Slack : -2.016
TNS   : -44.475

Type  : Slow 1100mV 85C Model Setup 'clk'
Slack : -1.038
TNS   : -1.307

Type  : Slow 1100mV 85C Model Hold 'clk'
Slack : 0.357
TNS   : 0.000

Type  : Slow 1100mV 85C Model Hold 'btn_down'
Slack : 0.382
TNS   : 0.000

Type  : Slow 1100mV 85C Model Hold 'btn_right'
Slack : 0.382
TNS   : 0.000

Type  : Slow 1100mV 85C Model Hold 'ClockDivider:divider|vgaclk'
Slack : 0.557
TNS   : 0.000

Type  : Slow 1100mV 85C Model Hold 'btn_select'
Slack : 1.434
TNS   : 0.000

Type  : Slow 1100mV 85C Model Minimum Pulse Width 'clk'
Slack : -0.757
TNS   : -2.533

Type  : Slow 1100mV 85C Model Minimum Pulse Width 'btn_select'
Slack : -0.394
TNS   : -33.266

Type  : Slow 1100mV 85C Model Minimum Pulse Width 'btn_right'
Slack : -0.394
TNS   : -23.025

Type  : Slow 1100mV 85C Model Minimum Pulse Width 'btn_down'
Slack : -0.394
TNS   : -21.992

Type  : Slow 1100mV 85C Model Minimum Pulse Width 'ClockDivider:divider|vgaclk'
Slack : -0.394
TNS   : -12.151

Type  : Slow 1100mV 0C Model Setup 'btn_select'
Slack : -4.567
TNS   : -273.991

Type  : Slow 1100mV 0C Model Setup 'btn_right'
Slack : -3.014
TNS   : -93.515

Type  : Slow 1100mV 0C Model Setup 'btn_down'
Slack : -2.765
TNS   : -85.208

Type  : Slow 1100mV 0C Model Setup 'ClockDivider:divider|vgaclk'
Slack : -2.007
TNS   : -43.967

Type  : Slow 1100mV 0C Model Setup 'clk'
Slack : -1.004
TNS   : -1.241

Type  : Slow 1100mV 0C Model Hold 'clk'
Slack : 0.331
TNS   : 0.000

Type  : Slow 1100mV 0C Model Hold 'btn_right'
Slack : 0.381
TNS   : 0.000

Type  : Slow 1100mV 0C Model Hold 'btn_down'
Slack : 0.382
TNS   : 0.000

Type  : Slow 1100mV 0C Model Hold 'ClockDivider:divider|vgaclk'
Slack : 0.517
TNS   : 0.000

Type  : Slow 1100mV 0C Model Hold 'btn_select'
Slack : 1.288
TNS   : 0.000

Type  : Slow 1100mV 0C Model Minimum Pulse Width 'clk'
Slack : -0.765
TNS   : -2.631

Type  : Slow 1100mV 0C Model Minimum Pulse Width 'btn_select'
Slack : -0.394
TNS   : -36.627

Type  : Slow 1100mV 0C Model Minimum Pulse Width 'btn_right'
Slack : -0.394
TNS   : -21.401

Type  : Slow 1100mV 0C Model Minimum Pulse Width 'btn_down'
Slack : -0.394
TNS   : -20.110

Type  : Slow 1100mV 0C Model Minimum Pulse Width 'ClockDivider:divider|vgaclk'
Slack : -0.394
TNS   : -12.190

Type  : Fast 1100mV 85C Model Setup 'btn_select'
Slack : -2.292
TNS   : -133.809

Type  : Fast 1100mV 85C Model Setup 'btn_right'
Slack : -1.387
TNS   : -41.121

Type  : Fast 1100mV 85C Model Setup 'btn_down'
Slack : -1.169
TNS   : -34.968

Type  : Fast 1100mV 85C Model Setup 'ClockDivider:divider|vgaclk'
Slack : -0.833
TNS   : -18.181

Type  : Fast 1100mV 85C Model Setup 'clk'
Slack : -0.399
TNS   : -0.399

Type  : Fast 1100mV 85C Model Hold 'clk'
Slack : 0.141
TNS   : 0.000

Type  : Fast 1100mV 85C Model Hold 'btn_down'
Slack : 0.204
TNS   : 0.000

Type  : Fast 1100mV 85C Model Hold 'btn_right'
Slack : 0.204
TNS   : 0.000

Type  : Fast 1100mV 85C Model Hold 'ClockDivider:divider|vgaclk'
Slack : 0.251
TNS   : 0.000

Type  : Fast 1100mV 85C Model Hold 'btn_select'
Slack : 0.755
TNS   : 0.000

Type  : Fast 1100mV 85C Model Minimum Pulse Width 'clk'
Slack : -0.669
TNS   : -1.968

Type  : Fast 1100mV 85C Model Minimum Pulse Width 'btn_down'
Slack : -0.336
TNS   : -10.805

Type  : Fast 1100mV 85C Model Minimum Pulse Width 'btn_right'
Slack : -0.323
TNS   : -11.100

Type  : Fast 1100mV 85C Model Minimum Pulse Width 'btn_select'
Slack : -0.084
TNS   : -5.092

Type  : Fast 1100mV 85C Model Minimum Pulse Width 'ClockDivider:divider|vgaclk'
Slack : 0.067
TNS   : 0.000

Type  : Fast 1100mV 0C Model Setup 'btn_select'
Slack : -2.154
TNS   : -126.306

Type  : Fast 1100mV 0C Model Setup 'btn_right'
Slack : -1.172
TNS   : -34.519

Type  : Fast 1100mV 0C Model Setup 'btn_down'
Slack : -0.999
TNS   : -29.876

Type  : Fast 1100mV 0C Model Setup 'ClockDivider:divider|vgaclk'
Slack : -0.748
TNS   : -16.019

Type  : Fast 1100mV 0C Model Setup 'clk'
Slack : -0.302
TNS   : -0.302

Type  : Fast 1100mV 0C Model Hold 'clk'
Slack : 0.113
TNS   : 0.000

Type  : Fast 1100mV 0C Model Hold 'btn_right'
Slack : 0.189
TNS   : 0.000

Type  : Fast 1100mV 0C Model Hold 'btn_down'
Slack : 0.190
TNS   : 0.000

Type  : Fast 1100mV 0C Model Hold 'ClockDivider:divider|vgaclk'
Slack : 0.221
TNS   : 0.000

Type  : Fast 1100mV 0C Model Hold 'btn_select'
Slack : 0.665
TNS   : 0.000

Type  : Fast 1100mV 0C Model Minimum Pulse Width 'clk'
Slack : -0.656
TNS   : -1.939

Type  : Fast 1100mV 0C Model Minimum Pulse Width 'btn_down'
Slack : -0.318
TNS   : -10.228

Type  : Fast 1100mV 0C Model Minimum Pulse Width 'btn_right'
Slack : -0.310
TNS   : -10.651

Type  : Fast 1100mV 0C Model Minimum Pulse Width 'btn_select'
Slack : -0.084
TNS   : -5.202

Type  : Fast 1100mV 0C Model Minimum Pulse Width 'ClockDivider:divider|vgaclk'
Slack : 0.083
TNS   : 0.000

------------------------------------------------------------
