------------------------------------------------------------
Timing Analyzer Summary
------------------------------------------------------------

Type  : Slow 1100mV 85C Model Setup 'ClockDivider:divider|vgaclk'
Slack : -2.219
TNS   : -51.384

Type  : Slow 1100mV 85C Model Setup 'clk'
Slack : -1.736
TNS   : -2.219

Type  : Slow 1100mV 85C Model Hold 'clk'
Slack : 0.519
TNS   : 0.000

Type  : Slow 1100mV 85C Model Hold 'ClockDivider:divider|vgaclk'
Slack : 0.666
TNS   : 0.000

Type  : Slow 1100mV 85C Model Minimum Pulse Width 'clk'
Slack : -0.836
TNS   : -2.814

Type  : Slow 1100mV 85C Model Minimum Pulse Width 'ClockDivider:divider|vgaclk'
Slack : -0.394
TNS   : -12.520

Type  : Slow 1100mV 0C Model Setup 'ClockDivider:divider|vgaclk'
Slack : -2.305
TNS   : -51.642

Type  : Slow 1100mV 0C Model Setup 'clk'
Slack : -1.666
TNS   : -2.141

Type  : Slow 1100mV 0C Model Hold 'clk'
Slack : 0.497
TNS   : 0.000

Type  : Slow 1100mV 0C Model Hold 'ClockDivider:divider|vgaclk'
Slack : 0.656
TNS   : 0.000

Type  : Slow 1100mV 0C Model Minimum Pulse Width 'clk'
Slack : -0.837
TNS   : -2.862

Type  : Slow 1100mV 0C Model Minimum Pulse Width 'ClockDivider:divider|vgaclk'
Slack : -0.394
TNS   : -12.318

Type  : Fast 1100mV 85C Model Setup 'ClockDivider:divider|vgaclk'
Slack : -0.979
TNS   : -21.589

Type  : Fast 1100mV 85C Model Setup 'clk'
Slack : -0.917
TNS   : -0.925

Type  : Fast 1100mV 85C Model Hold 'clk'
Slack : 0.276
TNS   : 0.000

Type  : Fast 1100mV 85C Model Hold 'ClockDivider:divider|vgaclk'
Slack : 0.344
TNS   : 0.000

Type  : Fast 1100mV 85C Model Minimum Pulse Width 'clk'
Slack : -0.738
TNS   : -2.215

Type  : Fast 1100mV 85C Model Minimum Pulse Width 'ClockDivider:divider|vgaclk'
Slack : 0.103
TNS   : 0.000

Type  : Fast 1100mV 0C Model Setup 'ClockDivider:divider|vgaclk'
Slack : -0.900
TNS   : -19.326

Type  : Fast 1100mV 0C Model Setup 'clk'
Slack : -0.759
TNS   : -0.759

Type  : Fast 1100mV 0C Model Hold 'clk'
Slack : 0.247
TNS   : 0.000

Type  : Fast 1100mV 0C Model Hold 'ClockDivider:divider|vgaclk'
Slack : 0.309
TNS   : 0.000

Type  : Fast 1100mV 0C Model Minimum Pulse Width 'clk'
Slack : -0.705
TNS   : -2.105

Type  : Fast 1100mV 0C Model Minimum Pulse Width 'ClockDivider:divider|vgaclk'
Slack : 0.119
TNS   : 0.000

------------------------------------------------------------
