------------------------------------------------------------
Timing Analyzer Summary
------------------------------------------------------------

Type  : Slow 1100mV 85C Model Setup 'trigger'
Slack : -4.162
TNS   : -29.072

Type  : Slow 1100mV 85C Model Setup 'ALU_Sel[2]'
Slack : -0.587
TNS   : -0.587

Type  : Slow 1100mV 85C Model Setup 'ALU_Sel[1]'
Slack : -0.544
TNS   : -0.544

Type  : Slow 1100mV 85C Model Setup 'ALU_Sel[0]'
Slack : -0.533
TNS   : -1.062

Type  : Slow 1100mV 85C Model Setup 'ALU_Sel[3]'
Slack : -0.309
TNS   : -0.614

Type  : Slow 1100mV 85C Model Hold 'ALU_Sel[2]'
Slack : 0.054
TNS   : 0.000

Type  : Slow 1100mV 85C Model Hold 'trigger'
Slack : 0.366
TNS   : 0.000

Type  : Slow 1100mV 85C Model Hold 'ALU_Sel[3]'
Slack : 0.375
TNS   : 0.000

Type  : Slow 1100mV 85C Model Hold 'ALU_Sel[0]'
Slack : 0.565
TNS   : 0.000

Type  : Slow 1100mV 85C Model Hold 'ALU_Sel[1]'
Slack : 0.574
TNS   : 0.000

Type  : Slow 1100mV 85C Model Minimum Pulse Width 'ALU_Sel[3]'
Slack : -0.394
TNS   : -1.485

Type  : Slow 1100mV 85C Model Minimum Pulse Width 'ALU_Sel[0]'
Slack : -0.394
TNS   : -1.402

Type  : Slow 1100mV 85C Model Minimum Pulse Width 'ALU_Sel[1]'
Slack : -0.394
TNS   : -0.766

Type  : Slow 1100mV 85C Model Minimum Pulse Width 'ALU_Sel[2]'
Slack : -0.394
TNS   : -0.758

Type  : Slow 1100mV 85C Model Minimum Pulse Width 'trigger'
Slack : 0.089
TNS   : 0.000

Type  : Slow 1100mV 0C Model Setup 'trigger'
Slack : -4.100
TNS   : -28.506

Type  : Slow 1100mV 0C Model Setup 'ALU_Sel[2]'
Slack : -0.549
TNS   : -0.549

Type  : Slow 1100mV 0C Model Setup 'ALU_Sel[1]'
Slack : -0.530
TNS   : -0.530

Type  : Slow 1100mV 0C Model Setup 'ALU_Sel[0]'
Slack : -0.528
TNS   : -1.051

Type  : Slow 1100mV 0C Model Setup 'ALU_Sel[3]'
Slack : -0.288
TNS   : -0.571

Type  : Slow 1100mV 0C Model Hold 'ALU_Sel[2]'
Slack : 0.041
TNS   : 0.000

Type  : Slow 1100mV 0C Model Hold 'trigger'
Slack : 0.309
TNS   : 0.000

Type  : Slow 1100mV 0C Model Hold 'ALU_Sel[3]'
Slack : 0.349
TNS   : 0.000

Type  : Slow 1100mV 0C Model Hold 'ALU_Sel[0]'
Slack : 0.550
TNS   : 0.000

Type  : Slow 1100mV 0C Model Hold 'ALU_Sel[1]'
Slack : 0.561
TNS   : 0.000

Type  : Slow 1100mV 0C Model Minimum Pulse Width 'ALU_Sel[3]'
Slack : -0.394
TNS   : -1.471

Type  : Slow 1100mV 0C Model Minimum Pulse Width 'ALU_Sel[0]'
Slack : -0.394
TNS   : -1.380

Type  : Slow 1100mV 0C Model Minimum Pulse Width 'ALU_Sel[1]'
Slack : -0.394
TNS   : -0.760

Type  : Slow 1100mV 0C Model Minimum Pulse Width 'ALU_Sel[2]'
Slack : -0.394
TNS   : -0.748

Type  : Slow 1100mV 0C Model Minimum Pulse Width 'trigger'
Slack : 0.041
TNS   : 0.000

Type  : Fast 1100mV 85C Model Setup 'trigger'
Slack : -2.025
TNS   : -14.065

Type  : Fast 1100mV 85C Model Setup 'ALU_Sel[2]'
Slack : -0.063
TNS   : -0.063

Type  : Fast 1100mV 85C Model Setup 'ALU_Sel[1]'
Slack : -0.023
TNS   : -0.023

Type  : Fast 1100mV 85C Model Setup 'ALU_Sel[0]'
Slack : -0.018
TNS   : -0.034

Type  : Fast 1100mV 85C Model Setup 'ALU_Sel[3]'
Slack : 0.078
TNS   : 0.000

Type  : Fast 1100mV 85C Model Hold 'trigger'
Slack : -0.021
TNS   : -0.021

Type  : Fast 1100mV 85C Model Hold 'ALU_Sel[2]'
Slack : -0.012
TNS   : -0.012

Type  : Fast 1100mV 85C Model Hold 'ALU_Sel[3]'
Slack : 0.164
TNS   : 0.000

Type  : Fast 1100mV 85C Model Hold 'ALU_Sel[0]'
Slack : 0.288
TNS   : 0.000

Type  : Fast 1100mV 85C Model Hold 'ALU_Sel[1]'
Slack : 0.292
TNS   : 0.000

Type  : Fast 1100mV 85C Model Minimum Pulse Width 'ALU_Sel[1]'
Slack : -0.349
TNS   : -0.349

Type  : Fast 1100mV 85C Model Minimum Pulse Width 'ALU_Sel[2]'
Slack : -0.344
TNS   : -0.344

Type  : Fast 1100mV 85C Model Minimum Pulse Width 'ALU_Sel[3]'
Slack : -0.333
TNS   : -0.666

Type  : Fast 1100mV 85C Model Minimum Pulse Width 'ALU_Sel[0]'
Slack : -0.296
TNS   : -0.590

Type  : Fast 1100mV 85C Model Minimum Pulse Width 'trigger'
Slack : -0.209
TNS   : -1.889

Type  : Fast 1100mV 0C Model Setup 'trigger'
Slack : -1.772
TNS   : -12.084

Type  : Fast 1100mV 0C Model Setup 'ALU_Sel[2]'
Slack : -0.022
TNS   : -0.022

Type  : Fast 1100mV 0C Model Setup 'ALU_Sel[1]'
Slack : 0.017
TNS   : 0.000

Type  : Fast 1100mV 0C Model Setup 'ALU_Sel[0]'
Slack : 0.018
TNS   : 0.000

Type  : Fast 1100mV 0C Model Setup 'ALU_Sel[3]'
Slack : 0.120
TNS   : 0.000

Type  : Fast 1100mV 0C Model Hold 'ALU_Sel[2]'
Slack : -0.032
TNS   : -0.032

Type  : Fast 1100mV 0C Model Hold 'trigger'
Slack : 0.002
TNS   : 0.000

Type  : Fast 1100mV 0C Model Hold 'ALU_Sel[3]'
Slack : 0.139
TNS   : 0.000

Type  : Fast 1100mV 0C Model Hold 'ALU_Sel[0]'
Slack : 0.257
TNS   : 0.000

Type  : Fast 1100mV 0C Model Hold 'ALU_Sel[1]'
Slack : 0.264
TNS   : 0.000

Type  : Fast 1100mV 0C Model Minimum Pulse Width 'ALU_Sel[2]'
Slack : -0.348
TNS   : -0.354

Type  : Fast 1100mV 0C Model Minimum Pulse Width 'ALU_Sel[1]'
Slack : -0.347
TNS   : -0.353

Type  : Fast 1100mV 0C Model Minimum Pulse Width 'ALU_Sel[3]'
Slack : -0.335
TNS   : -0.669

Type  : Fast 1100mV 0C Model Minimum Pulse Width 'ALU_Sel[0]'
Slack : -0.305
TNS   : -0.607

Type  : Fast 1100mV 0C Model Minimum Pulse Width 'trigger'
Slack : -0.194
TNS   : -1.836

------------------------------------------------------------
