------------------------------------------------------------
Timing Analyzer Summary
------------------------------------------------------------

Type  : Slow 1100mV 85C Model Setup 'trigger'
Slack : -3.309
TNS   : -12.559

Type  : Slow 1100mV 85C Model Setup 'ALU_selector[0]'
Slack : -0.534
TNS   : -1.064

Type  : Slow 1100mV 85C Model Setup 'ALU_selector[3]'
Slack : -0.528
TNS   : -1.052

Type  : Slow 1100mV 85C Model Setup 'ALU_selector[1]'
Slack : -0.310
TNS   : -0.616

Type  : Slow 1100mV 85C Model Setup 'ALU_selector[2]'
Slack : -0.309
TNS   : -0.615

Type  : Slow 1100mV 85C Model Hold 'ALU_selector[1]'
Slack : 0.376
TNS   : 0.000

Type  : Slow 1100mV 85C Model Hold 'ALU_selector[2]'
Slack : 0.380
TNS   : 0.000

Type  : Slow 1100mV 85C Model Hold 'ALU_selector[3]'
Slack : 0.583
TNS   : 0.000

Type  : Slow 1100mV 85C Model Hold 'ALU_selector[0]'
Slack : 0.587
TNS   : 0.000

Type  : Slow 1100mV 85C Model Hold 'trigger'
Slack : 1.223
TNS   : 0.000

Type  : Slow 1100mV 85C Model Minimum Pulse Width 'ALU_selector[1]'
Slack : -0.394
TNS   : -1.233

Type  : Slow 1100mV 85C Model Minimum Pulse Width 'ALU_selector[2]'
Slack : -0.394
TNS   : -1.200

Type  : Slow 1100mV 85C Model Minimum Pulse Width 'ALU_selector[3]'
Slack : -0.394
TNS   : -1.103

Type  : Slow 1100mV 85C Model Minimum Pulse Width 'ALU_selector[0]'
Slack : -0.394
TNS   : -1.071

Type  : Slow 1100mV 85C Model Minimum Pulse Width 'trigger'
Slack : 0.244
TNS   : 0.000

Type  : Slow 1100mV 0C Model Setup 'trigger'
Slack : -3.193
TNS   : -12.082

Type  : Slow 1100mV 0C Model Setup 'ALU_selector[3]'
Slack : -0.526
TNS   : -1.048

Type  : Slow 1100mV 0C Model Setup 'ALU_selector[0]'
Slack : -0.524
TNS   : -1.041

Type  : Slow 1100mV 0C Model Setup 'ALU_selector[1]'
Slack : -0.290
TNS   : -0.574

Type  : Slow 1100mV 0C Model Setup 'ALU_selector[2]'
Slack : -0.285
TNS   : -0.566

Type  : Slow 1100mV 0C Model Hold 'ALU_selector[1]'
Slack : 0.351
TNS   : 0.000

Type  : Slow 1100mV 0C Model Hold 'ALU_selector[2]'
Slack : 0.354
TNS   : 0.000

Type  : Slow 1100mV 0C Model Hold 'ALU_selector[3]'
Slack : 0.568
TNS   : 0.000

Type  : Slow 1100mV 0C Model Hold 'ALU_selector[0]'
Slack : 0.569
TNS   : 0.000

Type  : Slow 1100mV 0C Model Hold 'trigger'
Slack : 1.130
TNS   : 0.000

Type  : Slow 1100mV 0C Model Minimum Pulse Width 'ALU_selector[2]'
Slack : -0.394
TNS   : -1.243

Type  : Slow 1100mV 0C Model Minimum Pulse Width 'ALU_selector[1]'
Slack : -0.394
TNS   : -1.202

Type  : Slow 1100mV 0C Model Minimum Pulse Width 'ALU_selector[3]'
Slack : -0.394
TNS   : -1.121

Type  : Slow 1100mV 0C Model Minimum Pulse Width 'ALU_selector[0]'
Slack : -0.394
TNS   : -1.086

Type  : Slow 1100mV 0C Model Minimum Pulse Width 'trigger'
Slack : 0.242
TNS   : 0.000

Type  : Fast 1100mV 85C Model Setup 'trigger'
Slack : -1.564
TNS   : -5.760

Type  : Fast 1100mV 85C Model Setup 'ALU_selector[0]'
Slack : -0.036
TNS   : -0.068

Type  : Fast 1100mV 85C Model Setup 'ALU_selector[3]'
Slack : -0.029
TNS   : -0.057

Type  : Fast 1100mV 85C Model Setup 'ALU_selector[1]'
Slack : 0.075
TNS   : 0.000

Type  : Fast 1100mV 85C Model Setup 'ALU_selector[2]'
Slack : 0.078
TNS   : 0.000

Type  : Fast 1100mV 85C Model Hold 'ALU_selector[2]'
Slack : 0.165
TNS   : 0.000

Type  : Fast 1100mV 85C Model Hold 'ALU_selector[1]'
Slack : 0.170
TNS   : 0.000

Type  : Fast 1100mV 85C Model Hold 'ALU_selector[3]'
Slack : 0.300
TNS   : 0.000

Type  : Fast 1100mV 85C Model Hold 'ALU_selector[0]'
Slack : 0.305
TNS   : 0.000

Type  : Fast 1100mV 85C Model Hold 'trigger'
Slack : 0.640
TNS   : 0.000

Type  : Fast 1100mV 85C Model Minimum Pulse Width 'ALU_selector[1]'
Slack : -0.267
TNS   : -0.531

Type  : Fast 1100mV 85C Model Minimum Pulse Width 'ALU_selector[2]'
Slack : -0.261
TNS   : -0.521

Type  : Fast 1100mV 85C Model Minimum Pulse Width 'ALU_selector[3]'
Slack : -0.214
TNS   : -0.426

Type  : Fast 1100mV 85C Model Minimum Pulse Width 'ALU_selector[0]'
Slack : -0.199
TNS   : -0.395

Type  : Fast 1100mV 85C Model Minimum Pulse Width 'trigger'
Slack : 0.016
TNS   : 0.000

Type  : Fast 1100mV 0C Model Setup 'trigger'
Slack : -1.339
TNS   : -4.950

Type  : Fast 1100mV 0C Model Setup 'ALU_selector[0]'
Slack : 0.005
TNS   : 0.000

Type  : Fast 1100mV 0C Model Setup 'ALU_selector[3]'
Slack : 0.011
TNS   : 0.000

Type  : Fast 1100mV 0C Model Setup 'ALU_selector[1]'
Slack : 0.116
TNS   : 0.000

Type  : Fast 1100mV 0C Model Setup 'ALU_selector[2]'
Slack : 0.119
TNS   : 0.000

Type  : Fast 1100mV 0C Model Hold 'ALU_selector[2]'
Slack : 0.137
TNS   : 0.000

Type  : Fast 1100mV 0C Model Hold 'ALU_selector[1]'
Slack : 0.143
TNS   : 0.000

Type  : Fast 1100mV 0C Model Hold 'ALU_selector[3]'
Slack : 0.273
TNS   : 0.000

Type  : Fast 1100mV 0C Model Hold 'ALU_selector[0]'
Slack : 0.275
TNS   : 0.000

Type  : Fast 1100mV 0C Model Hold 'trigger'
Slack : 0.494
TNS   : 0.000

Type  : Fast 1100mV 0C Model Minimum Pulse Width 'ALU_selector[2]'
Slack : -0.277
TNS   : -0.553

Type  : Fast 1100mV 0C Model Minimum Pulse Width 'ALU_selector[1]'
Slack : -0.268
TNS   : -0.534

Type  : Fast 1100mV 0C Model Minimum Pulse Width 'ALU_selector[3]'
Slack : -0.234
TNS   : -0.467

Type  : Fast 1100mV 0C Model Minimum Pulse Width 'ALU_selector[0]'
Slack : -0.221
TNS   : -0.440

Type  : Fast 1100mV 0C Model Minimum Pulse Width 'trigger'
Slack : 0.011
TNS   : 0.000

------------------------------------------------------------
